#-----------------------------------------------------------
# Vivado v2019.1 (64-bit)
# SW Build 2552052 on Fri May 24 14:49:42 MDT 2019
# IP Build 2548770 on Fri May 24 18:01:18 MDT 2019
# Start of session at: Mon Oct 18 12:50:15 2021
# Process ID: 9644
# Current directory: F:/8190938/Ivanychev_IVT_32_APS
# Command line: vivado.exe -gui_launcher_event rodinguilauncherevent9328 F:\8190938\Ivanychev_IVT_32_APS\Ivanychev_IVT_32_APS.xpr
# Log file: F:/8190938/Ivanychev_IVT_32_APS/vivado.log
# Journal file: F:/8190938/Ivanychev_IVT_32_APS\vivado.jou
#-----------------------------------------------------------
start_gui
open_project F:/8190938/Ivanychev_IVT_32_APS/Ivanychev_IVT_32_APS.xpr
update_compile_order -fileset sources_1
launch_simulation
launch_simulation
launch_simulation
open_wave_config F:/8190938/Ivanychev_IVT_32_APS/miriscv_tb_behav.wcfg
source tb_miriscv_decode_obf.tcl
run all
run all
run 10 us
save_wave_config {F:/8190938/Ivanychev_IVT_32_APS/miriscv_tb_behav.wcfg}
close_sim
launch_simulation
open_wave_config F:/8190938/Ivanychev_IVT_32_APS/miriscv_tb_behav.wcfg
source tb_miriscv_decode_obf.tcl
run 10 us
update_compile_order -fileset sources_1
run 1000 us
update_compile_order -fileset sources_1
run all
run all
run all
run all
run all
run all
run all
run all
restart
run all
restart
run all
restart
run all
save_wave_config {F:/8190938/Ivanychev_IVT_32_APS/miriscv_tb_behav.wcfg}
close_sim
launch_simulation
open_wave_config F:/8190938/Ivanychev_IVT_32_APS/miriscv_tb_behav.wcfg
source tb_miriscv_decode_obf.tcl
run 1000 us
launch_simulation -mode post-synthesis -type functional
close_sim
launch_simulation
open_wave_config F:/8190938/Ivanychev_IVT_32_APS/miriscv_tb_behav.wcfg
source tb_miriscv_decode_obf.tcl
run 1000 us
save_wave_config {F:/8190938/Ivanychev_IVT_32_APS/miriscv_tb_behav.wcfg}
close_sim
launch_simulation
open_wave_config F:/8190938/Ivanychev_IVT_32_APS/miriscv_tb_behav.wcfg
source tb_miriscv_decode_obf.tcl
run 1000 us
reset_run synth_1
launch_runs synth_1 -jobs 4
wait_on_run synth_1
reset_run synth_1
close_sim
launch_simulation
close_project
open_project F:/8190938/Ivanychev_IVT_32_APS/Ivanychev_IVT_32_APS.xpr
launch_simulation
update_compile_order -fileset sources_1
